13:15:18.688 [main                     ] DEBUG Logger               - Configured Logger
13:15:18.692 [main                     ] DEBUG GameApplication      - Logging settings
Title: Clicker
Version: 0.0
Width: 500
Height: 600
Fullscreen: false
Intro: false
Profiling: false
Single step:false
App Mode: DEVELOPER
Menu Key: ESCAPE
Stage Style: UNDECORATED
Scene Factory: class com.almasb.fxgl.app.scene.SceneFactory

13:15:18.700 [JavaFX Application Thread] DEBUG FXGLApplication      - Initializing FXGL
13:15:18.702 [JavaFX Application Thread] INFO  Engine               - FXGL-17.3 (30.03.2023 11.49) on WINDOWS (J:25.0.2 FX:17.0.6)
13:15:18.702 [JavaFX Application Thread] DEBUG Engine               - JRE Vendor Name: Oracle Corporation
13:15:18.702 [JavaFX Application Thread] DEBUG Engine               - Running on OS: Windows 11 version 10.0
13:15:18.702 [JavaFX Application Thread] DEBUG Engine               - Architecture: amd64
13:15:18.702 [JavaFX Application Thread] INFO  Engine               - Source code and latest versions at: https://github.com/AlmasB/FXGL
13:15:18.702 [JavaFX Application Thread] INFO  Engine               -       Ask questions and discuss at: https://github.com/AlmasB/FXGL/discussions
13:15:18.702 [JavaFX Application Thread] INFO  Engine               -              Join the FXGL chat at: https://gitter.im/AlmasB/FXGL
13:15:18.752 [JavaFX Application Thread] DEBUG PrimaryStageWindow   - Creating a JavaFX scene
13:15:18.776 [JavaFX Application Thread] DEBUG PrimaryStageWindow   - Target settings size: 500.0 x 600.0
13:15:18.776 [JavaFX Application Thread] DEBUG PrimaryStageWindow   - Scaled scene size:    500.0 x 600.0
13:15:18.776 [JavaFX Application Thread] DEBUG PrimaryStageWindow   - Scaled ratio: (1.0, 1.0)
13:15:18.777 [JavaFX Application Thread] DEBUG PrimaryStageWindow   - Set initial scene to FXGLStartupScene
13:15:18.781 [JavaFX Application Thread] DEBUG PrimaryStageWindow   - Opening main window
13:15:18.830 [JavaFX Application Thread] DEBUG PrimaryStageWindow   - Window border size: (0.0, 0.0)
13:15:18.830 [JavaFX Application Thread] DEBUG PrimaryStageWindow   - Scaled size: 500.0 x 600.0
13:15:18.830 [JavaFX Application Thread] DEBUG PrimaryStageWindow   - Scaled ratio: (1.0, 1.0)
13:15:18.830 [JavaFX Application Thread] DEBUG PrimaryStageWindow   - Scene size: 500.0 x 600.0
13:15:18.830 [JavaFX Application Thread] DEBUG PrimaryStageWindow   - Stage size: 500.0 x 600.0
13:15:18.836 [FXGL Background Thread 1 ] DEBUG Engine               - Initializing environment variables
13:15:18.871 [FXGL Background Thread 1 ] DEBUG FXGLAssetLoaderServi - User app class for loading assets: class com.example.clicker.CustomTitleBarApp
13:15:18.871 [FXGL Background Thread 1 ] DEBUG GameApplicationServi - Applying CSS: fxgl_dark.css
13:15:18.872 [FXGL Background Thread 1 ] DEBUG FXGLAssetLoaderServi - Loading from file system: jar:file:///C:/Users/Malik/.m2/repository/com/github/almasb/fxgl/17.3/fxgl-17.3.jar!/fxglassets/ui/css/fxgl_dark.css
13:15:18.895 [FXGL Background Thread 1 ] DEBUG GameApplicationServi - Initializing application scenes
13:15:18.919 [FXGL Background Thread 1 ] DEBUG GameWorld            - Game world initialized
13:15:18.950 [FXGL Background Thread 1 ] DEBUG PhysicsWorld         - Physics world initialized: appHeight=600, physics.ppm=50,0
13:15:18.950 [FXGL Background Thread 1 ] DEBUG PhysicsWorld         - Using strategy: BRUTE_FORCE
13:15:18.952 [FXGL Background Thread 1 ] DEBUG GameScene            - Game scene initialized: 500x600
13:15:18.958 [FXGL Background Thread 1 ] WARN  FXGL.DefaultMenu     - FXGLDefaultMenu is not designed for resolutions < 800x600
13:15:18.958 [FXGL Background Thread 1 ] DEBUG FXGL.DefaultMenu     - createMenuBodyGameMenu()
13:15:18.966 [FXGL Background Thread 1 ] DEBUG FXGL.DefaultMenu     - createOptionsMenu()
13:15:18.971 [FXGL Background Thread 1 ] DEBUG FXGLAssetLoaderServi - Loading from file system: jar:file:///C:/Users/Malik/.m2/repository/com/github/almasb/fxgl/17.3/fxgl-17.3.jar!/fxglassets/textures/particles/smoke.png
13:15:19.012 [FXGL Background Thread 1 ] DEBUG FXGLAssetLoaderServi - Loading from file system: jar:file:///C:/Users/Malik/.m2/repository/com/github/almasb/fxgl/17.3/fxgl-17.3.jar!/fxglassets/textures/particles/trace_horizontal.png
13:15:19.030 [FXGL Background Thread 1 ] DEBUG GameApplicationServi - Application scenes initialized
13:15:19.035 [FXGL Background Thread 1 ] DEBUG SystemBundleService  - Loading FXGL system data
13:15:19.038 [FXGL Background Thread 1 ] DEBUG FileSystemAccess     - Reading from: C:\Users\Malik\IdeaProjects\Clicker\system\fxgl.bundle
13:15:19.042 [FXGL Background Thread 1 ] DEBUG SystemBundleService  - Bundle FXGL: {}
13:15:19.042 [FXGL Background Thread 1 ] DEBUG UpdaterService       - Checking for updates
13:15:19.045 [FXGL Background Thread 4 ] DEBUG FXGLApplication      - Loading fonts
13:15:19.045 [FXGL Background Thread 1 ] DEBUG FXGLApplication      - Loading default localization
13:15:19.045 [FXGL Background Thread 4 ] DEBUG FXGLAssetLoaderServi - Loading from file system: jar:file:///C:/Users/Malik/.m2/repository/com/github/almasb/fxgl/17.3/fxgl-17.3.jar!/fxglassets/ui/fonts/VarelaRound-Regular.ttf
13:15:19.045 [FXGL Background Thread 1 ] DEBUG FXGLAssetLoaderServi - Loading from file system: jar:file:///C:/Users/Malik/.m2/repository/com/github/almasb/fxgl/17.3/fxgl-17.3.jar!/fxglassets/languages/english.lang
13:15:19.055 [FXGL Background Thread 1 ] INFO  FXGLApplication      - FXGL initialization took: 0,219 sec
13:15:19.056 [JavaFX Application Thread] DEBUG FXGLAssetLoaderServi - Loading from file system: jar:file:///C:/Users/Malik/.m2/repository/com/github/almasb/fxgl/17.3/fxgl-17.3.jar!/fxglassets/textures/fxgl_icon.png
13:15:19.067 [JavaFX Application Thread] DEBUG FXGLAssetLoaderServi - Loading from file system: jar:file:///C:/Users/Malik/.m2/repository/com/github/almasb/fxgl/17.3/fxgl-17.3.jar!/fxglassets/textures/fxgl_default_cursor.png
13:15:19.074 [JavaFX Application Thread] DEBUG Input                - Registered new binding: Screenshot - CTRL+8
13:15:19.074 [JavaFX Application Thread] DEBUG Input                - Registered new binding: System info dump - CTRL+9
13:15:19.074 [JavaFX Application Thread] DEBUG Input                - Registered new binding: Restart - CTRL+R
13:15:19.075 [JavaFX Application Thread] DEBUG Input                - Registered new binding: Toggle Debug Camera - CTRL+7
13:15:19.077 [JavaFX Application Thread] DEBUG LoopRunner           - Starting loop
13:15:19.077 [JavaFX Application Thread] DEBUG LoopRunner           - Initializing JavaFX AnimationTimerLoop
13:15:19.077 [JavaFX Application Thread] DEBUG GameApplicationServi - Starting new game
13:15:19.078 [JavaFX Application Thread] DEBUG Input                - Clearing active input actions
13:15:19.079 [FXGL Background Thread 4 ] DEBUG FXGLAssetLoaderServi - Loading from file system: jar:file:///C:/Users/Malik/.m2/repository/com/github/almasb/fxgl/17.3/fxgl-17.3.jar!/fxglassets/ui/fonts/Abel-Regular.ttf
13:15:19.083 [JavaFX Application Thread] DEBUG GameApplicationServi - Removing overlay from FXGLStartupScene and adding to FXGLLoadingScene
13:15:19.084 [JavaFX Application Thread] DEBUG PrimaryStageWindow   - FXGLStartupScene -> FXGLLoadingScene
13:15:19.084 [JavaFX Application Thread] DEBUG GameApplicationServi - Clearing previous game
13:15:19.084 [JavaFX Application Thread] DEBUG GameScene            - Clearing game scene
13:15:19.084 [JavaFX Application Thread] DEBUG GameWorld            - Clearing game world
13:15:19.084 [JavaFX Application Thread] DEBUG PhysicsWorld         - Clearing physics world
13:15:19.085 [FXGL Background Thread 1 ] DEBUG FXGLApplication      - Initializing game
13:15:19.090 [FXGL Background Thread 4 ] DEBUG FXGLAssetLoaderServi - Loading from file system: jar:file:///C:/Users/Malik/.m2/repository/com/github/almasb/fxgl/17.3/fxgl-17.3.jar!/fxglassets/ui/fonts/TerminalLandMono-Regular.otf
13:15:19.091 [FXGL Background Thread 1 ] INFO  FXGLApplication      - Game initialization took: 0,006 sec
13:15:19.100 [FXGL Background Thread 4 ] DEBUG FXGLAssetLoaderServi - Loading from file system: jar:file:///C:/Users/Malik/.m2/repository/com/github/almasb/fxgl/17.3/fxgl-17.3.jar!/fxglassets/ui/fonts/Courier-Prime.ttf
13:15:19.107 [JavaFX Application Thread] DEBUG Input                - Clearing active input actions
13:15:19.115 [JavaFX Application Thread] DEBUG GameApplicationServi - Removing overlay from FXGLLoadingScene and adding to GameScene
13:15:19.115 [JavaFX Application Thread] DEBUG PrimaryStageWindow   - FXGLLoadingScene -> GameScene
13:15:19.115 [JavaFX Application Thread] DEBUG FXGLApplication      - Registering font factories with UI factory
13:15:19.400 [FXGL Background Thread 2 ] INFO  UpdaterService       - Your current version:  17.3
13:15:19.400 [FXGL Background Thread 2 ] INFO  UpdaterService       - Latest stable version: 25
13:15:21.663 [JavaFX Application Thread] DEBUG FXGLApplication      - Exiting FXGL
13:15:21.663 [JavaFX Application Thread] DEBUG LoopRunner           - Stopping loop
13:15:21.663 [JavaFX Application Thread] DEBUG SystemBundleService  - Saving FXGL system data
13:15:21.665 [JavaFX Application Thread] DEBUG FileSystemAccess     - Writing to: C:\Users\Malik\IdeaProjects\Clicker\system\fxgl.bundle
13:15:21.666 [JavaFX Application Thread] DEBUG Async                - Shutting down background threads
13:15:21.666 [JavaFX Application Thread] DEBUG PrimaryStageWindow   - Closing main window
13:15:21.673 [JavaFX Application Thread] DEBUG Logger               - Closing Logger
